╔════════════════════════════════════════╗
║     MISSION CONTROL - BOT FLEET       ║
╚════════════════════════════════════════╝

[2026-02-17T12:23:36.725Z] [🏠 Home Bot] INFO: Bot worker started
[2026-02-17T12:23:36.725Z] [🏠 Home Bot] INFO: Skills: Home Assistant, Automations, Zigbee, MQTT
[2026-02-17T12:23:36.728Z] [🏠 Home Bot] INFO: Starting execution: ha-uc05-battery-alert-approved (✅ UC-05 APPROVED: Battery Alert System)
[2026-02-17T12:23:36.758Z] [🏠 Home Bot] INFO: Executing: ha-uc05-battery-alert-approved
[2026-02-17T12:23:36.759Z] [🏠 Home Bot] INFO: Creating battery alert automation...
[2026-02-17T12:23:36.762Z] [🏠 Home Bot] INFO: Completed: ha-uc05-battery-alert-approved - UC-05 Battery Alert Automation created
[2026-02-17T12:23:38.765Z] [🖥️ Proxmox Bot] INFO: Bot worker started
[2026-02-17T12:23:38.765Z] [🖥️ Proxmox Bot] INFO: Skills: VMs, LXC, Cluster, PBS, Backups
[2026-02-17T12:23:38.766Z] [🖥️ Proxmox Bot] INFO: Starting execution: baseline-001 (🔍 PROXMOX BOT — Daily Baseline Report)
[2026-02-17T12:23:38.774Z] [🖥️ Proxmox Bot] INFO: Executing: baseline-001
[2026-02-17T12:23:38.778Z] [🖥️ Proxmox Bot] INFO: Completed: baseline-001 - Proxmox task acknowledged: 🔍 PROXMOX BOT — Daily Baseline Report
[2026-02-17T12:23:40.778Z] [💾 Storage Bot] INFO: Bot worker started
[2026-02-17T12:23:40.778Z] [💾 Storage Bot] INFO: Skills: PBS, TrueNAS, ZFS, NFS, Backups
[2026-02-17T12:23:40.779Z] [💾 Storage Bot] INFO: Starting execution: baseline-004 (🔍 STORAGE BOT — Daily Baseline Report)
[2026-02-17T12:23:40.786Z] [💾 Storage Bot] INFO: Executing: baseline-004
[2026-02-17T12:23:40.790Z] [💾 Storage Bot] INFO: Completed: baseline-004 - Storage task acknowledged: 🔍 STORAGE BOT — Daily Baseline Report
[2026-02-17T12:23:42.790Z] [🌐 Network Bot] INFO: Bot worker started
[2026-02-17T12:23:42.790Z] [🌐 Network Bot] INFO: Skills: Firewalla, UniFi, VLANs, Routing, Topology

══════════════════════════════════════════
All bots started. Press Ctrl+C to stop.
══════════════════════════════════════════
