✅ Telegram: Initialized @annugenie_bot
   Allowed Chat: 8541952881
   Allowed User: anwar
🔄 Starting Telegram polling (1500ms)
✅ Telegram service started with @annugenie_bot
[Leader] Telegram processor started
✅ Telegram processor (Leader) started
📅 MORNING summary scheduled: 08:30 Asia/Dubai
   Next run: 2026-02-18T04:30:00.000Z (20h 3m)
📅 EVENING summary scheduled: 20:30 Asia/Dubai
   Next run: 2026-02-17T16:30:00.000Z (8h 3m)
node:events:497
      throw er; // Unhandled 'error' event
      ^

Error: listen EADDRINUSE: address already in use 0.0.0.0:3000
    at Server.setupListenHandle [as _listen2] (node:net:1940:16)
    at listenInCluster (node:net:1997:12)
    at node:net:2206:7
    at process.processTicksAndRejections (node:internal/process/task_queues:90:21)
Emitted 'error' event on Server instance at:
    at emitErrorNT (node:net:1976:8)
    at process.processTicksAndRejections (node:internal/process/task_queues:90:21) {
  code: 'EADDRINUSE',
  errno: -98,
  syscall: 'listen',
  address: '0.0.0.0',
  port: 3000
}

Node.js v22.22.0
